\BOOKMARK [1][-]{section.1}{\376\377\000S\000u\000b\000T\000a\000s\000k\000\040\0001\000:\000\040\000S\000h\000a\000r\000d\000\040\000K\000e\000y\000\040\000S\000e\000l\000e\000c\000t\000i\000o\000n\000\040\000a\000n\000d\000\040\000J\000u\000s\000t\000i\000f\000i\000c\000a\000t\000i\000o\000n}{}% 1
\BOOKMARK [2][-]{subsection.1.1}{\376\377\000C\000a\000n\000d\000i\000d\000a\000t\000e\000\040\000S\000h\000a\000r\000d\000\040\000K\000e\000y\000s\000\040\000C\000o\000n\000s\000i\000d\000e\000r\000e\000d}{section.1}% 2
\BOOKMARK [2][-]{subsection.1.2}{\376\377\000C\000a\000n\000d\000i\000d\000a\000t\000e\000\040\000N\000o\000t\000e\000s\000\040\000A\000l\000i\000g\000n\000e\000d\000\040\000t\000o\000\040\000C\000u\000r\000r\000e\000n\000t\000\040\000P\000r\000o\000j\000e\000c\000t}{section.1}% 3
\BOOKMARK [2][-]{subsection.1.3}{\376\377\000M\000e\000a\000s\000u\000r\000e\000d\000\040\000D\000i\000s\000t\000r\000i\000b\000u\000t\000i\000o\000n\000\040\000A\000c\000r\000o\000s\000s\000\040\000C\000a\000n\000d\000i\000d\000a\000t\000e\000\040\000K\000e\000y\000s}{section.1}% 4
\BOOKMARK [2][-]{subsection.1.4}{\376\377\000I\000m\000m\000e\000d\000i\000a\000t\000e\000\040\000E\000l\000i\000m\000i\000n\000a\000t\000i\000o\000n}{section.1}% 5
\BOOKMARK [2][-]{subsection.1.5}{\376\377\000V\000i\000a\000b\000l\000e\000\040\000C\000a\000n\000d\000i\000d\000a\000t\000e\000\040\000C\000o\000m\000p\000a\000r\000i\000s\000o\000n}{section.1}% 6
\BOOKMARK [2][-]{subsection.1.6}{\376\377\000C\000a\000n\000d\000i\000d\000a\000t\000e\000\040\000E\000v\000a\000l\000u\000a\000t\000i\000o\000n\000\040\000A\000g\000a\000i\000n\000s\000t\000\040\000t\000h\000e\000\040\000T\000h\000r\000e\000e\000\040\000C\000r\000i\000t\000e\000r\000i\000a}{section.1}% 7
\BOOKMARK [3][-]{subsubsection.1.6.1}{\376\377\000C\000r\000i\000t\000e\000r\000i\000o\000n\000\040\0001\000:\000\040\000H\000i\000g\000h\000\040\000C\000a\000r\000d\000i\000n\000a\000l\000i\000t\000y}{subsection.1.6}% 8
\BOOKMARK [3][-]{subsubsection.1.6.2}{\376\377\000C\000r\000i\000t\000e\000r\000i\000o\000n\000\040\0002\000:\000\040\000Q\000u\000e\000r\000y\000\040\000A\000l\000i\000g\000n\000m\000e\000n\000t}{subsection.1.6}% 9
\BOOKMARK [3][-]{subsubsection.1.6.3}{\376\377\000C\000r\000i\000t\000e\000r\000i\000o\000n\000\040\0003\000:\000\040\000S\000t\000a\000b\000i\000l\000i\000t\000y}{subsection.1.6}% 10
\BOOKMARK [2][-]{subsection.1.7}{\376\377\000S\000e\000l\000e\000c\000t\000e\000d\000\040\000S\000h\000a\000r\000d\000\040\000K\000e\000y}{section.1}% 11
\BOOKMARK [2][-]{subsection.1.8}{\376\377\000P\000a\000r\000t\000i\000t\000i\000o\000n\000i\000n\000g\000\040\000S\000t\000r\000a\000t\000e\000g\000y\000\040\000C\000o\000m\000p\000a\000r\000i\000s\000o\000n\000\040\000a\000n\000d\000\040\000J\000u\000s\000t\000i\000f\000i\000c\000a\000t\000i\000o\000n}{section.1}% 12
\BOOKMARK [3][-]{subsubsection.1.8.1}{\376\377\000S\000t\000r\000a\000t\000e\000g\000y\000\040\0001\000:\000\040\000R\000a\000n\000g\000e\000-\000B\000a\000s\000e\000d}{subsection.1.8}% 13
\BOOKMARK [3][-]{subsubsection.1.8.2}{\376\377\000S\000t\000r\000a\000t\000e\000g\000y\000\040\0002\000:\000\040\000H\000a\000s\000h\000-\000B\000a\000s\000e\000d}{subsection.1.8}% 14
\BOOKMARK [3][-]{subsubsection.1.8.3}{\376\377\000S\000t\000r\000a\000t\000e\000g\000y\000\040\0003\000:\000\040\000D\000i\000r\000e\000c\000t\000o\000r\000y\000-\000B\000a\000s\000e\000d\000\040\000\050\000D\000e\000p\000a\000r\000t\000m\000e\000n\000t\000\040\000M\000a\000p\000p\000i\000n\000g\000\051}{subsection.1.8}% 15
\BOOKMARK [2][-]{subsection.1.9}{\376\377\000F\000i\000n\000a\000l\000\040\000P\000a\000r\000t\000i\000t\000i\000o\000n\000i\000n\000g\000\040\000D\000e\000c\000i\000s\000i\000o\000n}{section.1}% 16
\BOOKMARK [2][-]{subsection.1.10}{\376\377\000E\000x\000p\000e\000c\000t\000e\000d\000\040\000D\000i\000s\000t\000r\000i\000b\000u\000t\000i\000o\000n\000\040\000a\000n\000d\000\040\000S\000k\000e\000w\000\040\000R\000i\000s\000k}{section.1}% 17
\BOOKMARK [1][-]{section.2}{\376\377\000P\000a\000r\000t\000\040\0002\000:\000\040\000Q\000u\000e\000r\000y\000\040\000R\000o\000u\000t\000i\000n\000g\000\040\000I\000m\000p\000l\000e\000m\000e\000n\000t\000a\000t\000i\000o\000n\000\040\000A\000r\000c\000h\000i\000t\000e\000c\000t\000u\000r\000e}{}% 18
\BOOKMARK [2][-]{subsection.2.1}{\376\377\000S\000y\000s\000t\000e\000m\000\040\000O\000v\000e\000r\000v\000i\000e\000w}{section.2}% 19
\BOOKMARK [2][-]{subsection.2.2}{\376\377\000C\000o\000n\000n\000e\000c\000t\000i\000o\000n\000\040\000M\000a\000n\000a\000g\000e\000m\000e\000n\000t\000\040\000S\000t\000r\000a\000t\000e\000g\000y}{section.2}% 20
\BOOKMARK [3][-]{subsubsection.2.2.1}{\376\377\000P\000e\000r\000-\000R\000e\000q\000u\000e\000s\000t\000\040\000C\000o\000n\000n\000e\000c\000t\000i\000o\000n\000\040\000C\000a\000c\000h\000i\000n\000g}{subsection.2.2}% 21
\BOOKMARK [3][-]{subsubsection.2.2.2}{\376\377\000T\000h\000r\000e\000a\000d\000P\000o\000o\000l\000E\000x\000e\000c\000u\000t\000o\000r\000\040\000D\000i\000r\000e\000c\000t\000\040\000C\000o\000n\000n\000e\000c\000t\000i\000o\000n\000s}{subsection.2.2}% 22
\BOOKMARK [2][-]{subsection.2.3}{\376\377\000R\000o\000u\000t\000i\000n\000g\000\040\000F\000u\000n\000c\000t\000i\000o\000n\000s}{section.2}% 23
\BOOKMARK [3][-]{subsubsection.2.3.1}{\376\377\000P\000r\000i\000m\000a\000r\000y\000\040\000R\000o\000u\000t\000i\000n\000g\000:\000\040\000g\000e\000t\000\137\000s\000h\000a\000r\000d\000\137\000i\000d\000\050\000\051}{subsection.2.3}% 24
\BOOKMARK [3][-]{subsubsection.2.3.2}{\376\377\000R\000a\000n\000g\000e\000\040\000R\000e\000s\000o\000l\000u\000t\000i\000o\000n\000:\000\040\000g\000e\000t\000\137\000s\000h\000a\000r\000d\000s\000\137\000f\000o\000r\000\137\000r\000a\000n\000g\000e\000\050\000\051}{subsection.2.3}% 25
\BOOKMARK [2][-]{subsection.2.4}{\376\377\000S\000i\000n\000g\000l\000e\000-\000S\000h\000a\000r\000d\000\040\000O\000p\000e\000r\000a\000t\000i\000o\000n\000s}{section.2}% 26
\BOOKMARK [3][-]{subsubsection.2.4.1}{\376\377\000g\000e\000t\000\137\000r\000e\000c\000o\000r\000d\000s\000\137\000f\000o\000r\000\137\000s\000t\000u\000d\000e\000n\000t\000\050\000\051\000:\000\040\000R\000e\000a\000d\000\040\000O\000n\000e\000\040\000S\000t\000u\000d\000e\000n\000t}{subsection.2.4}% 27
\BOOKMARK [3][-]{subsubsection.2.4.2}{\376\377\000i\000n\000s\000e\000r\000t\000\137\000r\000e\000c\000o\000r\000d\000\050\000\051\000:\000\040\000C\000r\000e\000a\000t\000e\000\040\000O\000n\000e\000\040\000R\000e\000c\000o\000r\000d}{subsection.2.4}% 28
\BOOKMARK [3][-]{subsubsection.2.4.3}{\376\377\000u\000p\000d\000a\000t\000e\000\137\000r\000e\000c\000o\000r\000d\000\050\000\051\000:\000\040\000M\000o\000d\000i\000f\000y\000\040\000O\000n\000e\000\040\000R\000e\000c\000o\000r\000d}{subsection.2.4}% 29
\BOOKMARK [2][-]{subsection.2.5}{\376\377\000M\000u\000l\000t\000i\000-\000S\000h\000a\000r\000d\000\040\000O\000p\000e\000r\000a\000t\000i\000o\000n\000s\000\040\000\050\000P\000a\000r\000a\000l\000l\000e\000l\000i\000z\000e\000d\000\051}{section.2}% 30
\BOOKMARK [3][-]{subsubsection.2.5.1}{\376\377\000g\000e\000t\000\137\000r\000e\000c\000o\000r\000d\000s\000\137\000f\000o\000r\000\137\000s\000e\000s\000s\000i\000o\000n\000\050\000\051\000:\000\040\000R\000e\000a\000d\000\040\000S\000e\000s\000s\000i\000o\000n\000\040\000w\000i\000t\000h\000\040\000P\000a\000r\000a\000l\000l\000e\000l\000\040\000F\000a\000n\000-\000O\000u\000t}{subsection.2.5}% 31
\BOOKMARK [3][-]{subsubsection.2.5.2}{\376\377\000d\000e\000l\000e\000t\000e\000\137\000r\000e\000c\000o\000r\000d\000s\000\137\000f\000o\000r\000\137\000s\000e\000s\000s\000i\000o\000n\000\050\000\051\000:\000\040\000D\000e\000l\000e\000t\000e\000\040\000S\000e\000s\000s\000i\000o\000n\000\040\000R\000e\000c\000o\000r\000d\000s\000\040\000\050\000P\000a\000r\000a\000l\000l\000e\000l\000\051}{subsection.2.5}% 32
\BOOKMARK [3][-]{subsubsection.2.5.3}{\376\377\000d\000e\000l\000e\000t\000e\000\137\000r\000e\000c\000o\000r\000d\000s\000\137\000f\000o\000r\000\137\000c\000o\000u\000r\000s\000e\000\050\000\051\000:\000\040\000B\000a\000t\000c\000h\000\040\000+\000\040\000P\000a\000r\000a\000l\000l\000e\000l}{subsection.2.5}% 33
\BOOKMARK [2][-]{subsection.2.6}{\376\377\000H\000e\000l\000p\000e\000r\000\040\000F\000u\000n\000c\000t\000i\000o\000n\000s}{section.2}% 34
\BOOKMARK [3][-]{subsubsection.2.6.1}{\376\377\000g\000e\000t\000\137\000s\000t\000u\000d\000e\000n\000t\000\137\000i\000d\000\137\000f\000o\000r\000\137\000r\000e\000c\000o\000r\000d\000\050\000\051\000:\000\040\000C\000r\000o\000s\000s\000-\000S\000h\000a\000r\000d\000\040\000L\000o\000o\000k\000u\000p}{subsection.2.6}% 35
\BOOKMARK [2][-]{subsection.2.7}{\376\377\000A\000P\000I\000\040\000E\000n\000d\000p\000o\000i\000n\000t\000\040\000R\000o\000u\000t\000i\000n\000g}{section.2}% 36
\BOOKMARK [2][-]{subsection.2.8}{\376\377\000R\000e\000a\000l\000-\000T\000i\000m\000e\000\040\000B\000r\000o\000a\000d\000c\000a\000s\000t\000\040\000I\000n\000t\000e\000g\000r\000a\000t\000i\000o\000n}{section.2}% 37
\BOOKMARK [2][-]{subsection.2.9}{\376\377\000D\000i\000s\000t\000r\000i\000b\000u\000t\000i\000o\000n\000\040\000B\000a\000l\000a\000n\000c\000e}{section.2}% 38
\BOOKMARK [1][-]{section.3}{\376\377\000I\000m\000p\000l\000e\000m\000e\000n\000t\000a\000t\000i\000o\000n\000\040\000D\000e\000t\000a\000i\000l\000s\000\040\000a\000n\000d\000\040\000T\000e\000s\000t\000i\000n\000g}{}% 39
\BOOKMARK [2][-]{subsection.3.1}{\376\377\000C\000o\000n\000n\000e\000c\000t\000i\000o\000n\000\040\000V\000a\000l\000i\000d\000a\000t\000i\000o\000n}{section.3}% 40
\BOOKMARK [2][-]{subsection.3.2}{\376\377\000Q\000u\000e\000r\000y\000\040\000V\000e\000r\000i\000f\000i\000c\000a\000t\000i\000o\000n}{section.3}% 41
\BOOKMARK [2][-]{subsection.3.3}{\376\377\000C\000o\000d\000e\000\040\000S\000y\000n\000t\000a\000x\000\040\000V\000a\000l\000i\000d\000a\000t\000i\000o\000n}{section.3}% 42
\BOOKMARK [1][-]{section.4}{\376\377\000C\000o\000n\000c\000l\000u\000s\000i\000o\000n}{}% 43
\BOOKMARK [1][-]{section.5}{\376\377\000S\000u\000b\000T\000a\000s\000k\000\040\0004\000:\000\040\000S\000c\000a\000l\000a\000b\000i\000l\000i\000t\000y\000\040\000\046\000\040\000T\000r\000a\000d\000e\000-\000o\000f\000f\000s\000\040\000A\000n\000a\000l\000y\000s\000i\000s}{}% 44
\BOOKMARK [2][-]{subsection.5.1}{\376\377\000S\000c\000a\000l\000a\000b\000i\000l\000i\000t\000y\000:\000\040\000H\000o\000r\000i\000z\000o\000n\000t\000a\000l\000\040\000v\000s\000.\000\040\000V\000e\000r\000t\000i\000c\000a\000l\000\040\000A\000n\000a\000l\000y\000s\000i\000s}{section.5}% 45
\BOOKMARK [3][-]{subsubsection.5.1.1}{\376\377\000V\000e\000r\000t\000i\000c\000a\000l\000\040\000S\000c\000a\000l\000i\000n\000g\000\040\000L\000i\000m\000i\000t\000a\000t\000i\000o\000n\000s}{subsection.5.1}% 46
\BOOKMARK [3][-]{subsubsection.5.1.2}{\376\377\000H\000o\000r\000i\000z\000o\000n\000t\000a\000l\000\040\000S\000c\000a\000l\000i\000n\000g\000\040\000\050\000S\000h\000a\000r\000d\000i\000n\000g\000\051}{subsection.5.1}% 47
\BOOKMARK [2][-]{subsection.5.2}{\376\377\000C\000o\000n\000s\000i\000s\000t\000e\000n\000c\000y\000:\000\040\000E\000n\000s\000u\000r\000i\000n\000g\000\040\000A\000t\000o\000m\000i\000c\000\040\000G\000l\000o\000b\000a\000l\000\040\000O\000p\000e\000r\000a\000t\000i\000o\000n\000s}{section.5}% 48
\BOOKMARK [3][-]{subsubsection.5.2.1}{\376\377\000A\000t\000o\000m\000i\000c\000\040\000C\000r\000o\000s\000s\000-\000S\000h\000a\000r\000d\000\040\000O\000p\000e\000r\000a\000t\000i\000o\000n\000s}{subsection.5.2}% 49
\BOOKMARK [3][-]{subsubsection.5.2.2}{\376\377\000D\000a\000t\000a\000\040\000A\000c\000c\000u\000r\000a\000c\000y}{subsection.5.2}% 50
\BOOKMARK [2][-]{subsection.5.3}{\376\377\000A\000v\000a\000i\000l\000a\000b\000i\000l\000i\000t\000y\000:\000\040\000T\000h\000e\000\040\000C\000A\000P\000\040\000T\000h\000e\000o\000r\000e\000m\000\040\000T\000r\000a\000d\000e\000-\000o\000f\000f}{section.5}% 51
\BOOKMARK [3][-]{subsubsection.5.3.1}{\376\377\000I\000m\000p\000a\000c\000t\000\040\000o\000f\000\040\000S\000h\000a\000r\000d\000\040\000F\000a\000i\000l\000u\000r\000e}{subsection.5.3}% 52
\BOOKMARK [2][-]{subsection.5.4}{\376\377\000P\000a\000r\000t\000i\000t\000i\000o\000n\000\040\000T\000o\000l\000e\000r\000a\000n\000c\000e\000:\000\040\000R\000e\000s\000p\000o\000n\000d\000i\000n\000g\000\040\000t\000o\000\040\000S\000h\000a\000r\000d\000\040\000F\000a\000i\000l\000u\000r\000e\000s}{section.5}% 53
\BOOKMARK [3][-]{subsubsection.5.4.1}{\376\377\000F\000a\000i\000l\000u\000r\000e\000\040\000H\000a\000n\000d\000l\000i\000n\000g}{subsection.5.4}% 54
\BOOKMARK [3][-]{subsubsection.5.4.2}{\376\377\000F\000u\000t\000u\000r\000e\000\040\000I\000m\000p\000r\000o\000v\000e\000m\000e\000n\000t\000s\000:\000\040\000R\000e\000p\000l\000i\000c\000a\000t\000i\000o\000n}{subsection.5.4}% 55
\BOOKMARK [2][-]{subsection.5.5}{\376\377\000C\000o\000n\000c\000l\000u\000s\000i\000o\000n}{section.5}% 56
