\BOOKMARK [1][-]{section.1}{\376\377\000I\000n\000t\000r\000o\000d\000u\000c\000t\000i\000o\000n}{}% 1
\BOOKMARK [2][-]{subsection.1.1}{\376\377\000M\000o\000t\000i\000v\000a\000t\000i\000o\000n}{section.1}% 2
\BOOKMARK [2][-]{subsection.1.2}{\376\377\000P\000r\000o\000b\000l\000e\000m\000\040\000S\000t\000a\000t\000e\000m\000e\000n\000t}{section.1}% 3
\BOOKMARK [2][-]{subsection.1.3}{\376\377\000C\000o\000n\000t\000r\000i\000b\000u\000t\000i\000o\000n\000s}{section.1}% 4
\BOOKMARK [2][-]{subsection.1.4}{\376\377\000O\000r\000g\000a\000n\000i\000z\000a\000t\000i\000o\000n}{section.1}% 5
\BOOKMARK [1][-]{section.2}{\376\377\000B\000a\000c\000k\000g\000r\000o\000u\000n\000d\000\040\000a\000n\000d\000\040\000R\000e\000l\000a\000t\000e\000d\000\040\000W\000o\000r\000k}{}% 6
\BOOKMARK [2][-]{subsection.2.1}{\376\377\000D\000a\000t\000a\000b\000a\000s\000e\000\040\000I\000n\000d\000e\000x\000i\000n\000g}{section.2}% 7
\BOOKMARK [2][-]{subsection.2.2}{\376\377\000B\000+\000\040\000T\000r\000e\000e\000\040\000S\000t\000r\000u\000c\000t\000u\000r\000e}{section.2}% 8
\BOOKMARK [2][-]{subsection.2.3}{\376\377\000C\000o\000m\000p\000a\000r\000i\000s\000o\000n\000\040\000w\000i\000t\000h\000\040\000O\000t\000h\000e\000r\000\040\000I\000n\000d\000e\000x\000\040\000S\000t\000r\000u\000c\000t\000u\000r\000e\000s}{section.2}% 9
\BOOKMARK [2][-]{subsection.2.4}{\376\377\000M\000o\000d\000e\000r\000n\000\040\000D\000a\000t\000a\000b\000a\000s\000e\000\040\000S\000y\000s\000t\000e\000m\000s}{section.2}% 10
\BOOKMARK [1][-]{section.3}{\376\377\000S\000y\000s\000t\000e\000m\000\040\000A\000r\000c\000h\000i\000t\000e\000c\000t\000u\000r\000e}{}% 11
\BOOKMARK [2][-]{subsection.3.1}{\376\377\000O\000v\000e\000r\000v\000i\000e\000w}{section.3}% 12
\BOOKMARK [2][-]{subsection.3.2}{\376\377\000D\000e\000s\000i\000g\000n\000\040\000P\000r\000i\000n\000c\000i\000p\000l\000e\000s}{section.3}% 13
\BOOKMARK [2][-]{subsection.3.3}{\376\377\000C\000o\000m\000p\000o\000n\000e\000n\000t\000\040\000I\000n\000t\000e\000r\000a\000c\000t\000i\000o\000n\000s}{section.3}% 14
\BOOKMARK [2][-]{subsection.3.4}{\376\377\000D\000a\000t\000a\000\040\000F\000l\000o\000w}{section.3}% 15
\BOOKMARK [1][-]{section.4}{\376\377\000I\000m\000p\000l\000e\000m\000e\000n\000t\000a\000t\000i\000o\000n\000\040\000D\000e\000t\000a\000i\000l\000s}{}% 16
\BOOKMARK [2][-]{subsection.4.1}{\376\377\000B\000+\000\040\000T\000r\000e\000e\000\040\000I\000m\000p\000l\000e\000m\000e\000n\000t\000a\000t\000i\000o\000n}{section.4}% 17
\BOOKMARK [3][-]{subsubsection.4.1.1}{\376\377\000N\000o\000d\000e\000\040\000S\000t\000r\000u\000c\000t\000u\000r\000e}{subsection.4.1}% 18
\BOOKMARK [3][-]{subsubsection.4.1.2}{\376\377\000I\000n\000s\000e\000r\000t\000i\000o\000n\000\040\000A\000l\000g\000o\000r\000i\000t\000h\000m}{subsection.4.1}% 19
\BOOKMARK [3][-]{subsubsection.4.1.3}{\376\377\000D\000e\000l\000e\000t\000i\000o\000n\000\040\000A\000l\000g\000o\000r\000i\000t\000h\000m}{subsection.4.1}% 20
\BOOKMARK [3][-]{subsubsection.4.1.4}{\376\377\000S\000e\000a\000r\000c\000h\000\040\000a\000n\000d\000\040\000R\000a\000n\000g\000e\000\040\000Q\000u\000e\000r\000i\000e\000s}{subsection.4.1}% 21
\BOOKMARK [2][-]{subsection.4.2}{\376\377\000T\000a\000b\000l\000e\000\040\000A\000b\000s\000t\000r\000a\000c\000t\000i\000o\000n}{section.4}% 22
\BOOKMARK [2][-]{subsection.4.3}{\376\377\000D\000a\000t\000a\000b\000a\000s\000e\000\040\000M\000a\000n\000a\000g\000e\000r}{section.4}% 23
\BOOKMARK [2][-]{subsection.4.4}{\376\377\000P\000e\000r\000f\000o\000r\000m\000a\000n\000c\000e\000\040\000A\000n\000a\000l\000y\000s\000i\000s\000\040\000F\000r\000a\000m\000e\000w\000o\000r\000k}{section.4}% 24
\BOOKMARK [1][-]{section.5}{\376\377\000P\000e\000r\000f\000o\000r\000m\000a\000n\000c\000e\000\040\000A\000n\000a\000l\000y\000s\000i\000s}{}% 25
\BOOKMARK [2][-]{subsection.5.1}{\376\377\000E\000x\000p\000e\000r\000i\000m\000e\000n\000t\000a\000l\000\040\000S\000e\000t\000u\000p}{section.5}% 26
\BOOKMARK [3][-]{subsubsection.5.1.1}{\376\377\000H\000a\000r\000d\000w\000a\000r\000e\000\040\000C\000o\000n\000f\000i\000g\000u\000r\000a\000t\000i\000o\000n}{subsection.5.1}% 27
\BOOKMARK [3][-]{subsubsection.5.1.2}{\376\377\000T\000e\000s\000t\000\040\000P\000a\000r\000a\000m\000e\000t\000e\000r\000s}{subsection.5.1}% 28
\BOOKMARK [2][-]{subsection.5.2}{\376\377\000E\000x\000p\000e\000r\000i\000m\000e\000n\000t\000a\000l\000\040\000R\000e\000s\000u\000l\000t\000s}{section.5}% 29
\BOOKMARK [3][-]{subsubsection.5.2.1}{\376\377\000I\000n\000s\000e\000r\000t\000i\000o\000n\000\040\000P\000e\000r\000f\000o\000r\000m\000a\000n\000c\000e}{subsection.5.2}% 30
\BOOKMARK [3][-]{subsubsection.5.2.2}{\376\377\000S\000e\000a\000r\000c\000h\000\040\000P\000e\000r\000f\000o\000r\000m\000a\000n\000c\000e}{subsection.5.2}% 31
\BOOKMARK [3][-]{subsubsection.5.2.3}{\376\377\000R\000a\000n\000g\000e\000\040\000Q\000u\000e\000r\000y\000\040\000P\000e\000r\000f\000o\000r\000m\000a\000n\000c\000e}{subsection.5.2}% 32
\BOOKMARK [3][-]{subsubsection.5.2.4}{\376\377\000M\000e\000m\000o\000r\000y\000\040\000C\000o\000n\000s\000u\000m\000p\000t\000i\000o\000n}{subsection.5.2}% 33
\BOOKMARK [2][-]{subsection.5.3}{\376\377\000C\000o\000m\000p\000l\000e\000x\000i\000t\000y\000\040\000A\000n\000a\000l\000y\000s\000i\000s}{section.5}% 34
\BOOKMARK [3][-]{subsubsection.5.3.1}{\376\377\000T\000h\000e\000o\000r\000e\000t\000i\000c\000a\000l\000\040\000C\000o\000m\000p\000l\000e\000x\000i\000t\000y}{subsection.5.3}% 35
\BOOKMARK [3][-]{subsubsection.5.3.2}{\376\377\000E\000m\000p\000i\000r\000i\000c\000a\000l\000\040\000V\000a\000l\000i\000d\000a\000t\000i\000o\000n}{subsection.5.3}% 36
\BOOKMARK [1][-]{section.6}{\376\377\000D\000i\000s\000c\000u\000s\000s\000i\000o\000n}{}% 37
\BOOKMARK [2][-]{subsection.6.1}{\376\377\000K\000e\000y\000\040\000F\000i\000n\000d\000i\000n\000g\000s}{section.6}% 38
\BOOKMARK [2][-]{subsection.6.2}{\376\377\000I\000m\000p\000l\000e\000m\000e\000n\000t\000a\000t\000i\000o\000n\000\040\000Q\000u\000a\000l\000i\000t\000y}{section.6}% 39
\BOOKMARK [2][-]{subsection.6.3}{\376\377\000L\000i\000m\000i\000t\000a\000t\000i\000o\000n\000s}{section.6}% 40
\BOOKMARK [2][-]{subsection.6.4}{\376\377\000D\000e\000s\000i\000g\000n\000\040\000T\000r\000a\000d\000e\000-\000o\000f\000f\000s}{section.6}% 41
\BOOKMARK [2][-]{subsection.6.5}{\376\377\000R\000e\000a\000l\000-\000W\000o\000r\000l\000d\000\040\000A\000p\000p\000l\000i\000c\000a\000b\000i\000l\000i\000t\000y}{section.6}% 42
\BOOKMARK [1][-]{section.7}{\376\377\000C\000o\000n\000c\000l\000u\000s\000i\000o\000n\000\040\000a\000n\000d\000\040\000F\000u\000t\000u\000r\000e\000\040\000W\000o\000r\000k}{}% 43
\BOOKMARK [2][-]{subsection.7.1}{\376\377\000S\000u\000m\000m\000a\000r\000y}{section.7}% 44
\BOOKMARK [2][-]{subsection.7.2}{\376\377\000F\000u\000t\000u\000r\000e\000\040\000E\000n\000h\000a\000n\000c\000e\000m\000e\000n\000t\000s}{section.7}% 45
\BOOKMARK [3][-]{subsubsection.7.2.1}{\376\377\000P\000e\000r\000s\000i\000s\000t\000e\000n\000c\000e\000\040\000L\000a\000y\000e\000r}{subsection.7.2}% 46
\BOOKMARK [3][-]{subsubsection.7.2.2}{\376\377\000A\000d\000v\000a\000n\000c\000e\000d\000\040\000I\000n\000d\000e\000x\000i\000n\000g}{subsection.7.2}% 47
\BOOKMARK [3][-]{subsubsection.7.2.3}{\376\377\000Q\000u\000e\000r\000y\000\040\000P\000r\000o\000c\000e\000s\000s\000i\000n\000g}{subsection.7.2}% 48
\BOOKMARK [3][-]{subsubsection.7.2.4}{\376\377\000C\000o\000n\000c\000u\000r\000r\000e\000n\000c\000y\000\040\000a\000n\000d\000\040\000R\000e\000c\000o\000v\000e\000r\000y}{subsection.7.2}% 49
\BOOKMARK [3][-]{subsubsection.7.2.5}{\376\377\000P\000e\000r\000f\000o\000r\000m\000a\000n\000c\000e\000\040\000O\000p\000t\000i\000m\000i\000z\000a\000t\000i\000o\000n\000s}{subsection.7.2}% 50
\BOOKMARK [2][-]{subsection.7.3}{\376\377\000E\000d\000u\000c\000a\000t\000i\000o\000n\000a\000l\000\040\000I\000m\000p\000a\000c\000t}{section.7}% 51
\BOOKMARK [2][-]{subsection.7.4}{\376\377\000F\000i\000n\000a\000l\000\040\000R\000e\000m\000a\000r\000k\000s}{section.7}% 52
\BOOKMARK [1][-]{section*.6}{\376\377\000R\000e\000f\000e\000r\000e\000n\000c\000e\000s}{}% 53
